// Jest Snapshot v1, https://goo.gl/fbAQLP

exports[`vue3 should mount component 1`] = `
<div>
  <p>Hello World!</p>
</div>
`;
